  Γû▓ Next.js 14.2.35
  - Environments: .env.local
  - Experiments (use with caution):
    ┬╖ missingSuspenseWithCSRBailout

   Creating an optimized production build ...
 Γ£ô (pwa) Compiling for server...
 Γ£ô (pwa) Compiling for server...
 Γ£ô (pwa) Compiling for client (static)...
 Γùï (pwa) Service worker: C:\Users\Amey Sawant\AMEY\Products\CafeTableApp\public\sw.js
 Γùï (pwa)   URL: /sw.js
 Γùï (pwa)   Scope: /
npx : Failed to compile.
At line:1 char:1
+ npx next build > 
build_output.txt 2>&1
+ ~~~~~~~~~~~~~~~~~~~~~~~~
~~~~~~~~~~~~~~
    + CategoryInfo        
      : NotSpecified: (F  
  ailed to compile.:Str   
 ing) [], RemoteExcept    
ion
    + FullyQualifiedError 
   Id : NativeCommandErr  
  or
 

./node_modules/pusher/lib/
pusher.js:1:1
Module not found: Can't 
resolve 'crypto'

https://nextjs.org/docs/me
ssages/module-not-found

Import trace for 
requested module:
./src/lib/pusher-server.ts
./src/app/api/orders/[id]/
status/route.ts
./node_modules/next/dist/b
uild/webpack/loaders/next-
edge-app-route-loader/inde
x.js?absolutePagePath=priv
ate-next-app-dir%2Fapi%2Fo
rders%2F%5Bid%5D%2Fstatus%
2Froute.ts&page=%2Fapi%2Fo
rders%2F%5Bid%5D%2Fstatus%
2Froute&appDirLoader=bmV4d
C1hcHAtbG9hZGVyP25hbWU9YXB
wJTJGYXBpJTJGb3JkZXJzJTJGJ
TVCaWQlNUQlMkZzdGF0dXMlMkZ
yb3V0ZSZwYWdlPSUyRmFwaSUyR
m9yZGVycyUyRiU1QmlkJTVEJTJ
Gc3RhdHVzJTJGcm91dGUmcGFnZ
VBhdGg9cHJpdmF0ZS1uZXh0LWF
wcC1kaXIlMkZhcGklMkZvcmRlc
nMlMkYlNUJpZCU1RCUyRnN0YXR
1cyUyRnJvdXRlLnRzJmFwcERpc
j1DJTNBJTVDVXNlcnMlNUNBbWV
5JTIwU2F3YW50JTVDQU1FWSU1Q
1Byb2R1Y3RzJTVDQ2FmZVRhYmx
lQXBwJTVDc3JjJTVDYXBwJmFwc
FBhdGhzPSUyRmFwaSUyRm9yZGV
ycyUyRiU1QmlkJTVEJTJGc3Rhd
HVzJTJGcm91dGUmcGFnZUV4dGV
uc2lvbnM9dHN4JnBhZ2VFeHRlb
nNpb25zPXRzJnBhZ2VFeHRlbnN
pb25zPWpzeCZwYWdlRXh0ZW5za
W9ucz1qcyZiYXNlUGF0aD0mYXN
zZXRQcmVmaXg9Jm5leHRDb25ma
WdPdXRwdXQ9JnByZWZlcnJlZFJ
lZ2lvbj0mbWlkZGxld2FyZUNvb
mZpZz1lMzAlM0Qh&nextConfig
Output=&preferredRegion=&m
iddlewareConfig=e30%3D!

./node_modules/pusher/lib/
token.js:1:1
Module not found: Can't 
resolve 'crypto'

https://nextjs.org/docs/me
ssages/module-not-found

Import trace for 
requested module:
./node_modules/pusher/lib/
pusher.js
./src/lib/pusher-server.ts
./src/app/api/orders/[id]/
status/route.ts
./node_modules/next/dist/b
uild/webpack/loaders/next-
edge-app-route-loader/inde
x.js?absolutePagePath=priv
ate-next-app-dir%2Fapi%2Fo
rders%2F%5Bid%5D%2Fstatus%
2Froute.ts&page=%2Fapi%2Fo
rders%2F%5Bid%5D%2Fstatus%
2Froute&appDirLoader=bmV4d
C1hcHAtbG9hZGVyP25hbWU9YXB
wJTJGYXBpJTJGb3JkZXJzJTJGJ
TVCaWQlNUQlMkZzdGF0dXMlMkZ
yb3V0ZSZwYWdlPSUyRmFwaSUyR
m9yZGVycyUyRiU1QmlkJTVEJTJ
Gc3RhdHVzJTJGcm91dGUmcGFnZ
VBhdGg9cHJpdmF0ZS1uZXh0LWF
wcC1kaXIlMkZhcGklMkZvcmRlc
nMlMkYlNUJpZCU1RCUyRnN0YXR
1cyUyRnJvdXRlLnRzJmFwcERpc
j1DJTNBJTVDVXNlcnMlNUNBbWV
5JTIwU2F3YW50JTVDQU1FWSU1Q
1Byb2R1Y3RzJTVDQ2FmZVRhYmx
lQXBwJTVDc3JjJTVDYXBwJmFwc
FBhdGhzPSUyRmFwaSUyRm9yZGV
ycyUyRiU1QmlkJTVEJTJGc3Rhd
HVzJTJGcm91dGUmcGFnZUV4dGV
uc2lvbnM9dHN4JnBhZ2VFeHRlb
nNpb25zPXRzJnBhZ2VFeHRlbnN
pb25zPWpzeCZwYWdlRXh0ZW5za
W9ucz1qcyZiYXNlUGF0aD0mYXN
zZXRQcmVmaXg9Jm5leHRDb25ma
WdPdXRwdXQ9JnByZWZlcnJlZFJ
lZ2lvbj0mbWlkZGxld2FyZUNvb
mZpZz1lMzAlM0Qh&nextConfig
Output=&preferredRegion=&m
iddlewareConfig=e30%3D!

./node_modules/pusher/lib/
util.js:1:1
Module not found: Can't 
resolve 'crypto'

https://nextjs.org/docs/me
ssages/module-not-found

Import trace for 
requested module:
./node_modules/pusher/lib/
auth.js
./node_modules/pusher/lib/
pusher.js
./src/lib/pusher-server.ts
./src/app/api/orders/[id]/
status/route.ts
./node_modules/next/dist/b
uild/webpack/loaders/next-
edge-app-route-loader/inde
x.js?absolutePagePath=priv
ate-next-app-dir%2Fapi%2Fo
rders%2F%5Bid%5D%2Fstatus%
2Froute.ts&page=%2Fapi%2Fo
rders%2F%5Bid%5D%2Fstatus%
2Froute&appDirLoader=bmV4d
C1hcHAtbG9hZGVyP25hbWU9YXB
wJTJGYXBpJTJGb3JkZXJzJTJGJ
TVCaWQlNUQlMkZzdGF0dXMlMkZ
yb3V0ZSZwYWdlPSUyRmFwaSUyR
m9yZGVycyUyRiU1QmlkJTVEJTJ
Gc3RhdHVzJTJGcm91dGUmcGFnZ
VBhdGg9cHJpdmF0ZS1uZXh0LWF
wcC1kaXIlMkZhcGklMkZvcmRlc
nMlMkYlNUJpZCU1RCUyRnN0YXR
1cyUyRnJvdXRlLnRzJmFwcERpc
j1DJTNBJTVDVXNlcnMlNUNBbWV
5JTIwU2F3YW50JTVDQU1FWSU1Q
1Byb2R1Y3RzJTVDQ2FmZVRhYmx
lQXBwJTVDc3JjJTVDYXBwJmFwc
FBhdGhzPSUyRmFwaSUyRm9yZGV
ycyUyRiU1QmlkJTVEJTJGc3Rhd
HVzJTJGcm91dGUmcGFnZUV4dGV
uc2lvbnM9dHN4JnBhZ2VFeHRlb
nNpb25zPXRzJnBhZ2VFeHRlbnN
pb25zPWpzeCZwYWdlRXh0ZW5za
W9ucz1qcyZiYXNlUGF0aD0mYXN
zZXRQcmVmaXg9Jm5leHRDb25ma
WdPdXRwdXQ9JnByZWZlcnJlZFJ
lZ2lvbj0mbWlkZGxld2FyZUNvb
mZpZz1lMzAlM0Qh&nextConfig
Output=&preferredRegion=&m
iddlewareConfig=e30%3D!


> Build failed because of 
webpack errors
